// Vitest Snapshot v1, https://vitest.dev/guide/snapshot.html

exports[`panorama view-projection characterization (P0 fence) > pins the full (preset × scope × zoom) projection matrix 1`] = `
[
  {
    "base": "cobertura",
    "baseEncoding": "bivariate",
    "bivariateEligible": true,
    "caption": "Cada área es una provincia. Relleno = cobertura antirrábica, estado actual. Meta 80%.",
    "layers": [
      "cobertura",
      "zoonosis",
    ],
    "level": "province",
    "lodBand": "national",
    "paintedAxis": "province",
    "pointsMode": false,
    "preset": "brotes-activos",
    "scope": "national",
    "scrubberEnabled": true,
    "scrubbing": false,
    "temporalLayers": [
      "zoonosis",
    ],
    "zoom": 3,
  },
  {
    "base": "cobertura",
    "baseEncoding": "choropleth-meta",
    "bivariateEligible": false,
    "caption": "Cada área es una división (departamento/partido, o barrio en CABA). Relleno = cobertura antirrábica, estado actual. Meta 80%.",
    "layers": [
      "cobertura",
      "zoonosis",
    ],
    "level": "locality",
    "lodBand": "drilled",
    "paintedAxis": "locality",
    "pointsMode": false,
    "preset": "brotes-activos",
    "scope": "national",
    "scrubberEnabled": true,
    "scrubbing": false,
    "temporalLayers": [
      "zoonosis",
    ],
    "zoom": 7,
  },
  {
    "base": "cobertura",
    "baseEncoding": "choropleth-meta",
    "bivariateEligible": false,
    "caption": "Cada área es una división (departamento/partido, o barrio en CABA). Relleno = cobertura antirrábica, estado actual. Meta 80%.",
    "layers": [
      "cobertura",
      "zoonosis",
    ],
    "level": "locality",
    "lodBand": "drilled",
    "paintedAxis": "locality",
    "pointsMode": false,
    "preset": "brotes-activos",
    "scope": "national",
    "scrubberEnabled": true,
    "scrubbing": false,
    "temporalLayers": [
      "zoonosis",
    ],
    "zoom": 11,
  },
  {
    "base": "cobertura",
    "baseEncoding": "choropleth-meta",
    "bivariateEligible": false,
    "caption": "Cada área es una división (departamento/partido, o barrio en CABA). Relleno = cobertura antirrábica, estado actual. Meta 80%.",
    "layers": [
      "cobertura",
      "zoonosis",
    ],
    "level": "locality",
    "lodBand": "national",
    "paintedAxis": "province",
    "pointsMode": false,
    "preset": "brotes-activos",
    "scope": "province",
    "scrubberEnabled": true,
    "scrubbing": false,
    "temporalLayers": [
      "zoonosis",
    ],
    "zoom": 3,
  },
  {
    "base": "cobertura",
    "baseEncoding": "choropleth-meta",
    "bivariateEligible": false,
    "caption": "Cada área es una división (departamento/partido, o barrio en CABA). Relleno = cobertura antirrábica, estado actual. Meta 80%.",
    "layers": [
      "cobertura",
      "zoonosis",
    ],
    "level": "locality",
    "lodBand": "drilled",
    "paintedAxis": "locality",
    "pointsMode": false,
    "preset": "brotes-activos",
    "scope": "province",
    "scrubberEnabled": true,
    "scrubbing": false,
    "temporalLayers": [
      "zoonosis",
    ],
    "zoom": 7,
  },
  {
    "base": "cobertura",
    "baseEncoding": "choropleth-meta",
    "bivariateEligible": false,
    "caption": "Cada área es una división (departamento/partido, o barrio en CABA). Relleno = cobertura antirrábica, estado actual. Meta 80%.",
    "layers": [
      "cobertura",
      "zoonosis",
    ],
    "level": "locality",
    "lodBand": "near",
    "paintedAxis": "locality",
    "pointsMode": false,
    "preset": "brotes-activos",
    "scope": "province",
    "scrubberEnabled": true,
    "scrubbing": false,
    "temporalLayers": [
      "zoonosis",
    ],
    "zoom": 11,
  },
  {
    "base": "cobertura",
    "baseEncoding": "choropleth-meta",
    "bivariateEligible": false,
    "caption": "Cada área es una división (departamento/partido, o barrio en CABA). Relleno = cobertura antirrábica, estado actual. Meta 80%.",
    "layers": [
      "cobertura",
      "zoonosis",
    ],
    "level": "locality",
    "lodBand": "national",
    "paintedAxis": "province",
    "pointsMode": false,
    "preset": "brotes-activos",
    "scope": "locality",
    "scrubberEnabled": true,
    "scrubbing": false,
    "temporalLayers": [
      "zoonosis",
    ],
    "zoom": 3,
  },
  {
    "base": "cobertura",
    "baseEncoding": "choropleth-meta",
    "bivariateEligible": false,
    "caption": "Cada área es una división (departamento/partido, o barrio en CABA). Relleno = cobertura antirrábica, estado actual. Meta 80%.",
    "layers": [
      "cobertura",
      "zoonosis",
    ],
    "level": "locality",
    "lodBand": "drilled",
    "paintedAxis": "locality",
    "pointsMode": false,
    "preset": "brotes-activos",
    "scope": "locality",
    "scrubberEnabled": true,
    "scrubbing": false,
    "temporalLayers": [
      "zoonosis",
    ],
    "zoom": 7,
  },
  {
    "base": "cobertura",
    "baseEncoding": "choropleth-meta",
    "bivariateEligible": false,
    "caption": "Cada área es una división (departamento/partido, o barrio en CABA). Relleno = cobertura antirrábica, estado actual. Meta 80%.",
    "layers": [
      "cobertura",
      "zoonosis",
    ],
    "level": "locality",
    "lodBand": "near",
    "paintedAxis": "locality",
    "pointsMode": false,
    "preset": "brotes-activos",
    "scope": "locality",
    "scrubberEnabled": true,
    "scrubbing": false,
    "temporalLayers": [
      "zoonosis",
    ],
    "zoom": 11,
  },
  {
    "base": "sintomas",
    "baseEncoding": "graduated",
    "bivariateEligible": false,
    "caption": "Cada burbuja es una provincia. Tamaño = síntomas reportados, últimos 30 días.",
    "layers": [
      "sintomas",
      "zoonosis",
    ],
    "level": "province",
    "lodBand": "national",
    "paintedAxis": "province",
    "pointsMode": false,
    "preset": "sintomas",
    "scope": "national",
    "scrubberEnabled": true,
    "scrubbing": false,
    "temporalLayers": [
      "sintomas",
      "zoonosis",
    ],
    "zoom": 3,
  },
  {
    "base": "sintomas",
    "baseEncoding": "graduated",
    "bivariateEligible": false,
    "caption": "Cada burbuja es una división (departamento/partido, o barrio en CABA). Tamaño = síntomas reportados, últimos 30 días.",
    "layers": [
      "sintomas",
      "zoonosis",
    ],
    "level": "locality",
    "lodBand": "drilled",
    "paintedAxis": "locality",
    "pointsMode": false,
    "preset": "sintomas",
    "scope": "national",
    "scrubberEnabled": true,
    "scrubbing": false,
    "temporalLayers": [
      "sintomas",
      "zoonosis",
    ],
    "zoom": 7,
  },
  {
    "base": "sintomas",
    "baseEncoding": "graduated",
    "bivariateEligible": false,
    "caption": "Cada burbuja es una división (departamento/partido, o barrio en CABA). Tamaño = síntomas reportados, últimos 30 días.",
    "layers": [
      "sintomas",
      "zoonosis",
    ],
    "level": "locality",
    "lodBand": "drilled",
    "paintedAxis": "locality",
    "pointsMode": false,
    "preset": "sintomas",
    "scope": "national",
    "scrubberEnabled": true,
    "scrubbing": false,
    "temporalLayers": [
      "sintomas",
      "zoonosis",
    ],
    "zoom": 11,
  },
  {
    "base": "sintomas",
    "baseEncoding": "graduated",
    "bivariateEligible": false,
    "caption": "Cada burbuja es una división (departamento/partido, o barrio en CABA). Tamaño = síntomas reportados, últimos 30 días.",
    "layers": [
      "sintomas",
      "zoonosis",
    ],
    "level": "locality",
    "lodBand": "national",
    "paintedAxis": "province",
    "pointsMode": false,
    "preset": "sintomas",
    "scope": "province",
    "scrubberEnabled": true,
    "scrubbing": false,
    "temporalLayers": [
      "sintomas",
      "zoonosis",
    ],
    "zoom": 3,
  },
  {
    "base": "sintomas",
    "baseEncoding": "graduated",
    "bivariateEligible": false,
    "caption": "Cada burbuja es una división (departamento/partido, o barrio en CABA). Tamaño = síntomas reportados, últimos 30 días.",
    "layers": [
      "sintomas",
      "zoonosis",
    ],
    "level": "locality",
    "lodBand": "drilled",
    "paintedAxis": "locality",
    "pointsMode": false,
    "preset": "sintomas",
    "scope": "province",
    "scrubberEnabled": true,
    "scrubbing": false,
    "temporalLayers": [
      "sintomas",
      "zoonosis",
    ],
    "zoom": 7,
  },
  {
    "base": "sintomas",
    "baseEncoding": "graduated",
    "bivariateEligible": false,
    "caption": "Cada burbuja es una división (departamento/partido, o barrio en CABA). Tamaño = síntomas reportados, últimos 30 días.",
    "layers": [
      "sintomas",
      "zoonosis",
    ],
    "level": "locality",
    "lodBand": "near",
    "paintedAxis": "locality",
    "pointsMode": false,
    "preset": "sintomas",
    "scope": "province",
    "scrubberEnabled": true,
    "scrubbing": false,
    "temporalLayers": [
      "sintomas",
      "zoonosis",
    ],
    "zoom": 11,
  },
  {
    "base": "sintomas",
    "baseEncoding": "graduated",
    "bivariateEligible": false,
    "caption": "Cada burbuja es una división (departamento/partido, o barrio en CABA). Tamaño = síntomas reportados, últimos 30 días.",
    "layers": [
      "sintomas",
      "zoonosis",
    ],
    "level": "locality",
    "lodBand": "national",
    "paintedAxis": "province",
    "pointsMode": false,
    "preset": "sintomas",
    "scope": "locality",
    "scrubberEnabled": true,
    "scrubbing": false,
    "temporalLayers": [
      "sintomas",
      "zoonosis",
    ],
    "zoom": 3,
  },
  {
    "base": "sintomas",
    "baseEncoding": "graduated",
    "bivariateEligible": false,
    "caption": "Cada burbuja es una división (departamento/partido, o barrio en CABA). Tamaño = síntomas reportados, últimos 30 días.",
    "layers": [
      "sintomas",
      "zoonosis",
    ],
    "level": "locality",
    "lodBand": "drilled",
    "paintedAxis": "locality",
    "pointsMode": false,
    "preset": "sintomas",
    "scope": "locality",
    "scrubberEnabled": true,
    "scrubbing": false,
    "temporalLayers": [
      "sintomas",
      "zoonosis",
    ],
    "zoom": 7,
  },
  {
    "base": "sintomas",
    "baseEncoding": "graduated",
    "bivariateEligible": false,
    "caption": "Cada burbuja es una división (departamento/partido, o barrio en CABA). Tamaño = síntomas reportados, últimos 30 días.",
    "layers": [
      "sintomas",
      "zoonosis",
    ],
    "level": "locality",
    "lodBand": "near",
    "paintedAxis": "locality",
    "pointsMode": false,
    "preset": "sintomas",
    "scope": "locality",
    "scrubberEnabled": true,
    "scrubbing": false,
    "temporalLayers": [
      "sintomas",
      "zoonosis",
    ],
    "zoom": 11,
  },
  {
    "base": "cobertura",
    "baseEncoding": "choropleth-meta",
    "bivariateEligible": false,
    "caption": "Cada área es una provincia. Relleno = cobertura antirrábica, estado actual. Meta 80%.",
    "layers": [
      "cobertura",
    ],
    "level": "province",
    "lodBand": "national",
    "paintedAxis": "province",
    "pointsMode": false,
    "preset": "cumplimiento",
    "scope": "national",
    "scrubberEnabled": false,
    "scrubbing": false,
    "temporalLayers": [],
    "zoom": 3,
  },
  {
    "base": "cobertura",
    "baseEncoding": "choropleth-meta",
    "bivariateEligible": false,
    "caption": "Cada área es una división (departamento/partido, o barrio en CABA). Relleno = cobertura antirrábica, estado actual. Meta 80%.",
    "layers": [
      "cobertura",
    ],
    "level": "locality",
    "lodBand": "drilled",
    "paintedAxis": "locality",
    "pointsMode": false,
    "preset": "cumplimiento",
    "scope": "national",
    "scrubberEnabled": false,
    "scrubbing": false,
    "temporalLayers": [],
    "zoom": 7,
  },
  {
    "base": "cobertura",
    "baseEncoding": "choropleth-meta",
    "bivariateEligible": false,
    "caption": "Cada área es una división (departamento/partido, o barrio en CABA). Relleno = cobertura antirrábica, estado actual. Meta 80%.",
    "layers": [
      "cobertura",
    ],
    "level": "locality",
    "lodBand": "drilled",
    "paintedAxis": "locality",
    "pointsMode": false,
    "preset": "cumplimiento",
    "scope": "national",
    "scrubberEnabled": false,
    "scrubbing": false,
    "temporalLayers": [],
    "zoom": 11,
  },
  {
    "base": "cobertura",
    "baseEncoding": "choropleth-meta",
    "bivariateEligible": false,
    "caption": "Cada área es una división (departamento/partido, o barrio en CABA). Relleno = cobertura antirrábica, estado actual. Meta 80%.",
    "layers": [
      "cobertura",
    ],
    "level": "locality",
    "lodBand": "national",
    "paintedAxis": "province",
    "pointsMode": false,
    "preset": "cumplimiento",
    "scope": "province",
    "scrubberEnabled": false,
    "scrubbing": false,
    "temporalLayers": [],
    "zoom": 3,
  },
  {
    "base": "cobertura",
    "baseEncoding": "choropleth-meta",
    "bivariateEligible": false,
    "caption": "Cada área es una división (departamento/partido, o barrio en CABA). Relleno = cobertura antirrábica, estado actual. Meta 80%.",
    "layers": [
      "cobertura",
    ],
    "level": "locality",
    "lodBand": "drilled",
    "paintedAxis": "locality",
    "pointsMode": false,
    "preset": "cumplimiento",
    "scope": "province",
    "scrubberEnabled": false,
    "scrubbing": false,
    "temporalLayers": [],
    "zoom": 7,
  },
  {
    "base": "cobertura",
    "baseEncoding": "choropleth-meta",
    "bivariateEligible": false,
    "caption": "Cada área es una división (departamento/partido, o barrio en CABA). Relleno = cobertura antirrábica, estado actual. Meta 80%.",
    "layers": [
      "cobertura",
    ],
    "level": "locality",
    "lodBand": "near",
    "paintedAxis": "locality",
    "pointsMode": false,
    "preset": "cumplimiento",
    "scope": "province",
    "scrubberEnabled": false,
    "scrubbing": false,
    "temporalLayers": [],
    "zoom": 11,
  },
  {
    "base": "cobertura",
    "baseEncoding": "choropleth-meta",
    "bivariateEligible": false,
    "caption": "Cada área es una división (departamento/partido, o barrio en CABA). Relleno = cobertura antirrábica, estado actual. Meta 80%.",
    "layers": [
      "cobertura",
    ],
    "level": "locality",
    "lodBand": "national",
    "paintedAxis": "province",
    "pointsMode": false,
    "preset": "cumplimiento",
    "scope": "locality",
    "scrubberEnabled": false,
    "scrubbing": false,
    "temporalLayers": [],
    "zoom": 3,
  },
  {
    "base": "cobertura",
    "baseEncoding": "choropleth-meta",
    "bivariateEligible": false,
    "caption": "Cada área es una división (departamento/partido, o barrio en CABA). Relleno = cobertura antirrábica, estado actual. Meta 80%.",
    "layers": [
      "cobertura",
    ],
    "level": "locality",
    "lodBand": "drilled",
    "paintedAxis": "locality",
    "pointsMode": false,
    "preset": "cumplimiento",
    "scope": "locality",
    "scrubberEnabled": false,
    "scrubbing": false,
    "temporalLayers": [],
    "zoom": 7,
  },
  {
    "base": "cobertura",
    "baseEncoding": "choropleth-meta",
    "bivariateEligible": false,
    "caption": "Cada área es una división (departamento/partido, o barrio en CABA). Relleno = cobertura antirrábica, estado actual. Meta 80%.",
    "layers": [
      "cobertura",
    ],
    "level": "locality",
    "lodBand": "near",
    "paintedAxis": "locality",
    "pointsMode": false,
    "preset": "cumplimiento",
    "scope": "locality",
    "scrubberEnabled": false,
    "scrubbing": false,
    "temporalLayers": [],
    "zoom": 11,
  },
  {
    "base": "denuncias",
    "baseEncoding": "graduated",
    "bivariateEligible": false,
    "caption": "Cada burbuja es una provincia. Tamaño = denuncias de bienestar, últimos 90 días.",
    "layers": [
      "denuncias",
      "decomisos",
    ],
    "level": "province",
    "lodBand": "national",
    "paintedAxis": "province",
    "pointsMode": false,
    "preset": "bienestar",
    "scope": "national",
    "scrubberEnabled": true,
    "scrubbing": false,
    "temporalLayers": [
      "denuncias",
      "decomisos",
    ],
    "zoom": 3,
  },
  {
    "base": "denuncias",
    "baseEncoding": "graduated",
    "bivariateEligible": false,
    "caption": "Cada burbuja es una división (departamento/partido, o barrio en CABA). Tamaño = denuncias de bienestar, últimos 90 días.",
    "layers": [
      "denuncias",
      "decomisos",
    ],
    "level": "locality",
    "lodBand": "drilled",
    "paintedAxis": "locality",
    "pointsMode": false,
    "preset": "bienestar",
    "scope": "national",
    "scrubberEnabled": true,
    "scrubbing": false,
    "temporalLayers": [
      "denuncias",
      "decomisos",
    ],
    "zoom": 7,
  },
  {
    "base": "denuncias",
    "baseEncoding": "graduated",
    "bivariateEligible": false,
    "caption": "Cada burbuja es una división (departamento/partido, o barrio en CABA). Tamaño = denuncias de bienestar, últimos 90 días.",
    "layers": [
      "denuncias",
      "decomisos",
    ],
    "level": "locality",
    "lodBand": "drilled",
    "paintedAxis": "locality",
    "pointsMode": false,
    "preset": "bienestar",
    "scope": "national",
    "scrubberEnabled": true,
    "scrubbing": false,
    "temporalLayers": [
      "denuncias",
      "decomisos",
    ],
    "zoom": 11,
  },
  {
    "base": "denuncias",
    "baseEncoding": "graduated",
    "bivariateEligible": false,
    "caption": "Cada burbuja es una división (departamento/partido, o barrio en CABA). Tamaño = denuncias de bienestar, últimos 90 días.",
    "layers": [
      "denuncias",
      "decomisos",
    ],
    "level": "locality",
    "lodBand": "national",
    "paintedAxis": "province",
    "pointsMode": false,
    "preset": "bienestar",
    "scope": "province",
    "scrubberEnabled": true,
    "scrubbing": false,
    "temporalLayers": [
      "denuncias",
      "decomisos",
    ],
    "zoom": 3,
  },
  {
    "base": "denuncias",
    "baseEncoding": "graduated",
    "bivariateEligible": false,
    "caption": "Cada burbuja es una división (departamento/partido, o barrio en CABA). Tamaño = denuncias de bienestar, últimos 90 días.",
    "layers": [
      "denuncias",
      "decomisos",
    ],
    "level": "locality",
    "lodBand": "drilled",
    "paintedAxis": "locality",
    "pointsMode": false,
    "preset": "bienestar",
    "scope": "province",
    "scrubberEnabled": true,
    "scrubbing": false,
    "temporalLayers": [
      "denuncias",
      "decomisos",
    ],
    "zoom": 7,
  },
  {
    "base": "denuncias",
    "baseEncoding": "points",
    "bivariateEligible": false,
    "caption": "Cada burbuja es una división (departamento/partido, o barrio en CABA). Tamaño = denuncias de bienestar, últimos 90 días.",
    "layers": [
      "denuncias",
      "decomisos",
    ],
    "level": "locality",
    "lodBand": "near",
    "paintedAxis": "locality",
    "pointsMode": true,
    "preset": "bienestar",
    "scope": "province",
    "scrubberEnabled": true,
    "scrubbing": false,
    "temporalLayers": [
      "denuncias",
      "decomisos",
    ],
    "zoom": 11,
  },
  {
    "base": "denuncias",
    "baseEncoding": "graduated",
    "bivariateEligible": false,
    "caption": "Cada burbuja es una división (departamento/partido, o barrio en CABA). Tamaño = denuncias de bienestar, últimos 90 días.",
    "layers": [
      "denuncias",
      "decomisos",
    ],
    "level": "locality",
    "lodBand": "national",
    "paintedAxis": "province",
    "pointsMode": false,
    "preset": "bienestar",
    "scope": "locality",
    "scrubberEnabled": true,
    "scrubbing": false,
    "temporalLayers": [
      "denuncias",
      "decomisos",
    ],
    "zoom": 3,
  },
  {
    "base": "denuncias",
    "baseEncoding": "graduated",
    "bivariateEligible": false,
    "caption": "Cada burbuja es una división (departamento/partido, o barrio en CABA). Tamaño = denuncias de bienestar, últimos 90 días.",
    "layers": [
      "denuncias",
      "decomisos",
    ],
    "level": "locality",
    "lodBand": "drilled",
    "paintedAxis": "locality",
    "pointsMode": false,
    "preset": "bienestar",
    "scope": "locality",
    "scrubberEnabled": true,
    "scrubbing": false,
    "temporalLayers": [
      "denuncias",
      "decomisos",
    ],
    "zoom": 7,
  },
  {
    "base": "denuncias",
    "baseEncoding": "points",
    "bivariateEligible": false,
    "caption": "Cada burbuja es una división (departamento/partido, o barrio en CABA). Tamaño = denuncias de bienestar, últimos 90 días.",
    "layers": [
      "denuncias",
      "decomisos",
    ],
    "level": "locality",
    "lodBand": "near",
    "paintedAxis": "locality",
    "pointsMode": true,
    "preset": "bienestar",
    "scope": "locality",
    "scrubberEnabled": true,
    "scrubbing": false,
    "temporalLayers": [
      "denuncias",
      "decomisos",
    ],
    "zoom": 11,
  },
  {
    "base": "esterilizacion",
    "baseEncoding": "choropleth-meta",
    "bivariateEligible": false,
    "caption": "Cada área es una provincia. Relleno = cobertura de esterilización, estado actual. Meta 70%.",
    "layers": [
      "esterilizacion",
    ],
    "level": "province",
    "lodBand": "national",
    "paintedAxis": "province",
    "pointsMode": false,
    "preset": "control-poblacional",
    "scope": "national",
    "scrubberEnabled": false,
    "scrubbing": false,
    "temporalLayers": [],
    "zoom": 3,
  },
  {
    "base": "esterilizacion",
    "baseEncoding": "choropleth-meta",
    "bivariateEligible": false,
    "caption": "Cada área es una división (departamento/partido, o barrio en CABA). Relleno = cobertura de esterilización, estado actual. Meta 70%.",
    "layers": [
      "esterilizacion",
    ],
    "level": "locality",
    "lodBand": "drilled",
    "paintedAxis": "locality",
    "pointsMode": false,
    "preset": "control-poblacional",
    "scope": "national",
    "scrubberEnabled": false,
    "scrubbing": false,
    "temporalLayers": [],
    "zoom": 7,
  },
  {
    "base": "esterilizacion",
    "baseEncoding": "choropleth-meta",
    "bivariateEligible": false,
    "caption": "Cada área es una división (departamento/partido, o barrio en CABA). Relleno = cobertura de esterilización, estado actual. Meta 70%.",
    "layers": [
      "esterilizacion",
    ],
    "level": "locality",
    "lodBand": "drilled",
    "paintedAxis": "locality",
    "pointsMode": false,
    "preset": "control-poblacional",
    "scope": "national",
    "scrubberEnabled": false,
    "scrubbing": false,
    "temporalLayers": [],
    "zoom": 11,
  },
  {
    "base": "esterilizacion",
    "baseEncoding": "choropleth-meta",
    "bivariateEligible": false,
    "caption": "Cada área es una división (departamento/partido, o barrio en CABA). Relleno = cobertura de esterilización, estado actual. Meta 70%.",
    "layers": [
      "esterilizacion",
    ],
    "level": "locality",
    "lodBand": "national",
    "paintedAxis": "province",
    "pointsMode": false,
    "preset": "control-poblacional",
    "scope": "province",
    "scrubberEnabled": false,
    "scrubbing": false,
    "temporalLayers": [],
    "zoom": 3,
  },
  {
    "base": "esterilizacion",
    "baseEncoding": "choropleth-meta",
    "bivariateEligible": false,
    "caption": "Cada área es una división (departamento/partido, o barrio en CABA). Relleno = cobertura de esterilización, estado actual. Meta 70%.",
    "layers": [
      "esterilizacion",
    ],
    "level": "locality",
    "lodBand": "drilled",
    "paintedAxis": "locality",
    "pointsMode": false,
    "preset": "control-poblacional",
    "scope": "province",
    "scrubberEnabled": false,
    "scrubbing": false,
    "temporalLayers": [],
    "zoom": 7,
  },
  {
    "base": "esterilizacion",
    "baseEncoding": "choropleth-meta",
    "bivariateEligible": false,
    "caption": "Cada área es una división (departamento/partido, o barrio en CABA). Relleno = cobertura de esterilización, estado actual. Meta 70%.",
    "layers": [
      "esterilizacion",
    ],
    "level": "locality",
    "lodBand": "near",
    "paintedAxis": "locality",
    "pointsMode": false,
    "preset": "control-poblacional",
    "scope": "province",
    "scrubberEnabled": false,
    "scrubbing": false,
    "temporalLayers": [],
    "zoom": 11,
  },
  {
    "base": "esterilizacion",
    "baseEncoding": "choropleth-meta",
    "bivariateEligible": false,
    "caption": "Cada área es una división (departamento/partido, o barrio en CABA). Relleno = cobertura de esterilización, estado actual. Meta 70%.",
    "layers": [
      "esterilizacion",
    ],
    "level": "locality",
    "lodBand": "national",
    "paintedAxis": "province",
    "pointsMode": false,
    "preset": "control-poblacional",
    "scope": "locality",
    "scrubberEnabled": false,
    "scrubbing": false,
    "temporalLayers": [],
    "zoom": 3,
  },
  {
    "base": "esterilizacion",
    "baseEncoding": "choropleth-meta",
    "bivariateEligible": false,
    "caption": "Cada área es una división (departamento/partido, o barrio en CABA). Relleno = cobertura de esterilización, estado actual. Meta 70%.",
    "layers": [
      "esterilizacion",
    ],
    "level": "locality",
    "lodBand": "drilled",
    "paintedAxis": "locality",
    "pointsMode": false,
    "preset": "control-poblacional",
    "scope": "locality",
    "scrubberEnabled": false,
    "scrubbing": false,
    "temporalLayers": [],
    "zoom": 7,
  },
  {
    "base": "esterilizacion",
    "baseEncoding": "choropleth-meta",
    "bivariateEligible": false,
    "caption": "Cada área es una división (departamento/partido, o barrio en CABA). Relleno = cobertura de esterilización, estado actual. Meta 70%.",
    "layers": [
      "esterilizacion",
    ],
    "level": "locality",
    "lodBand": "near",
    "paintedAxis": "locality",
    "pointsMode": false,
    "preset": "control-poblacional",
    "scope": "locality",
    "scrubberEnabled": false,
    "scrubbing": false,
    "temporalLayers": [],
    "zoom": 11,
  },
  {
    "base": "perdidas",
    "baseEncoding": "graduated",
    "bivariateEligible": false,
    "caption": "Cada burbuja es una provincia. Tamaño = reportes de mascotas perdidas, últimos 90 días.",
    "layers": [
      "perdidas",
      "reunificacion",
    ],
    "level": "province",
    "lodBand": "national",
    "paintedAxis": "province",
    "pointsMode": false,
    "preset": "perdidas-reunificacion",
    "scope": "national",
    "scrubberEnabled": true,
    "scrubbing": false,
    "temporalLayers": [
      "perdidas",
      "reunificacion",
    ],
    "zoom": 3,
  },
  {
    "base": "perdidas",
    "baseEncoding": "graduated",
    "bivariateEligible": false,
    "caption": "Cada burbuja es una división (departamento/partido, o barrio en CABA). Tamaño = reportes de mascotas perdidas, últimos 90 días.",
    "layers": [
      "perdidas",
      "reunificacion",
    ],
    "level": "locality",
    "lodBand": "drilled",
    "paintedAxis": "locality",
    "pointsMode": false,
    "preset": "perdidas-reunificacion",
    "scope": "national",
    "scrubberEnabled": true,
    "scrubbing": false,
    "temporalLayers": [
      "perdidas",
      "reunificacion",
    ],
    "zoom": 7,
  },
  {
    "base": "perdidas",
    "baseEncoding": "graduated",
    "bivariateEligible": false,
    "caption": "Cada burbuja es una división (departamento/partido, o barrio en CABA). Tamaño = reportes de mascotas perdidas, últimos 90 días.",
    "layers": [
      "perdidas",
      "reunificacion",
    ],
    "level": "locality",
    "lodBand": "drilled",
    "paintedAxis": "locality",
    "pointsMode": false,
    "preset": "perdidas-reunificacion",
    "scope": "national",
    "scrubberEnabled": true,
    "scrubbing": false,
    "temporalLayers": [
      "perdidas",
      "reunificacion",
    ],
    "zoom": 11,
  },
  {
    "base": "perdidas",
    "baseEncoding": "graduated",
    "bivariateEligible": false,
    "caption": "Cada burbuja es una división (departamento/partido, o barrio en CABA). Tamaño = reportes de mascotas perdidas, últimos 90 días.",
    "layers": [
      "perdidas",
      "reunificacion",
    ],
    "level": "locality",
    "lodBand": "national",
    "paintedAxis": "province",
    "pointsMode": false,
    "preset": "perdidas-reunificacion",
    "scope": "province",
    "scrubberEnabled": true,
    "scrubbing": false,
    "temporalLayers": [
      "perdidas",
      "reunificacion",
    ],
    "zoom": 3,
  },
  {
    "base": "perdidas",
    "baseEncoding": "graduated",
    "bivariateEligible": false,
    "caption": "Cada burbuja es una división (departamento/partido, o barrio en CABA). Tamaño = reportes de mascotas perdidas, últimos 90 días.",
    "layers": [
      "perdidas",
      "reunificacion",
    ],
    "level": "locality",
    "lodBand": "drilled",
    "paintedAxis": "locality",
    "pointsMode": false,
    "preset": "perdidas-reunificacion",
    "scope": "province",
    "scrubberEnabled": true,
    "scrubbing": false,
    "temporalLayers": [
      "perdidas",
      "reunificacion",
    ],
    "zoom": 7,
  },
  {
    "base": "perdidas",
    "baseEncoding": "points",
    "bivariateEligible": false,
    "caption": "Cada burbuja es una división (departamento/partido, o barrio en CABA). Tamaño = reportes de mascotas perdidas, últimos 90 días.",
    "layers": [
      "perdidas",
      "reunificacion",
    ],
    "level": "locality",
    "lodBand": "near",
    "paintedAxis": "locality",
    "pointsMode": true,
    "preset": "perdidas-reunificacion",
    "scope": "province",
    "scrubberEnabled": true,
    "scrubbing": false,
    "temporalLayers": [
      "perdidas",
      "reunificacion",
    ],
    "zoom": 11,
  },
  {
    "base": "perdidas",
    "baseEncoding": "graduated",
    "bivariateEligible": false,
    "caption": "Cada burbuja es una división (departamento/partido, o barrio en CABA). Tamaño = reportes de mascotas perdidas, últimos 90 días.",
    "layers": [
      "perdidas",
      "reunificacion",
    ],
    "level": "locality",
    "lodBand": "national",
    "paintedAxis": "province",
    "pointsMode": false,
    "preset": "perdidas-reunificacion",
    "scope": "locality",
    "scrubberEnabled": true,
    "scrubbing": false,
    "temporalLayers": [
      "perdidas",
      "reunificacion",
    ],
    "zoom": 3,
  },
  {
    "base": "perdidas",
    "baseEncoding": "graduated",
    "bivariateEligible": false,
    "caption": "Cada burbuja es una división (departamento/partido, o barrio en CABA). Tamaño = reportes de mascotas perdidas, últimos 90 días.",
    "layers": [
      "perdidas",
      "reunificacion",
    ],
    "level": "locality",
    "lodBand": "drilled",
    "paintedAxis": "locality",
    "pointsMode": false,
    "preset": "perdidas-reunificacion",
    "scope": "locality",
    "scrubberEnabled": true,
    "scrubbing": false,
    "temporalLayers": [
      "perdidas",
      "reunificacion",
    ],
    "zoom": 7,
  },
  {
    "base": "perdidas",
    "baseEncoding": "points",
    "bivariateEligible": false,
    "caption": "Cada burbuja es una división (departamento/partido, o barrio en CABA). Tamaño = reportes de mascotas perdidas, últimos 90 días.",
    "layers": [
      "perdidas",
      "reunificacion",
    ],
    "level": "locality",
    "lodBand": "near",
    "paintedAxis": "locality",
    "pointsMode": true,
    "preset": "perdidas-reunificacion",
    "scope": "locality",
    "scrubberEnabled": true,
    "scrubbing": false,
    "temporalLayers": [
      "perdidas",
      "reunificacion",
    ],
    "zoom": 11,
  },
]
`;
